// Jest Snapshot v1, https://goo.gl/fbAQLP

exports[`Users route should render correctly 1`] = `
<DocumentFragment>
  <h1>
    Users
  </h1>
  <a
    href="/users/new"
  >
    New User
  </a>
  <ul>
    <li>
      <a
        href="/users/1"
      >
        Sandro
      </a>
    </li>
  </ul>
</DocumentFragment>
`;
